
[94m======================================================================[0m
[94m               EMIPredict AI - Comprehensive Test Suite               [0m
[94m======================================================================[0m

[94m======================================================================[0m
[94m                        TEST 1: FILE STRUCTURE                        [0m
[94m======================================================================[0m

[92m[PASS][0m File exists: emi_prediction_dataset.csv
[92m[PASS][0m File exists: requirements.txt
[92m[PASS][0m File exists: src/preprocessing.py
[92m[PASS][0m File exists: src/feature_engineering.py
[92m[PASS][0m File exists: src/model_training.py
[92m[PASS][0m File exists: app/main.py
[92m[PASS][0m File exists: app/utils.py
[92m[PASS][0m File exists: app/pages/1_Dashboard.py
[92m[PASS][0m File exists: app/pages/2_Prediction.py
[92m[PASS][0m File exists: app/pages/3_Model_Performance.py
[92m[PASS][0m File exists: models/best_classification_model.joblib
[92m[PASS][0m File exists: models/best_regression_model.joblib
[92m[PASS][0m File exists: models/label_encoder.joblib

[94m======================================================================[0m
[94m                         TEST 2: DATA LOADING                         [0m
[94m======================================================================[0m

python : C:\Users\Shyam\OneDrive\Documents\New folder\test_project.py:98: DtypeWarning: Columns (0) 
have mixed types. Specify dtype option on import or set low_memory=False.
At line:1 char:1
+ python -u test_project.py > test_output.log 2>&1
+ ~~~~~~~~~~~~~~~~~~~~~~~~~~~~~~~~~~~~~~~~~~~~~~~~
    + CategoryInfo          : NotSpecified: (C:\Users\Shyam\...w_memory=False.:String) [], RemoteExcept 
   ion
    + FullyQualifiedErrorId : NativeCommandError
 
  df = pd.read_csv(data_path)
[92m[PASS][0m Dataset loaded successfully
  Shape: (404800, 27)
[92m[PASS][0m All feature columns present
  25 features
[92m[PASS][0m All target columns present
  2 targets
[93m[WARN][0m No missing values
  [93mFound 12027 null values[0m
[92m[PASS][0m EMI Eligibility distribution
  
  {'Not_Eligible': 312868, 'Eligible': 74444, 'High_Risk': 17488}

[94m======================================================================[0m
[94m                     TEST 3: PREPROCESSING MODULE                     [0m
[94m======================================================================[0m

[91m[FAIL][0m Import preprocessing module
  [91mcannot import name 'preprocess_data' from 'preprocessing' (C:\Users\Shyam\OneDrive\Documents\New folder\src\preprocessing.py)[0m

[94m======================================================================[0m
[94m                  TEST 4: FEATURE ENGINEERING MODULE                  [0m
[94m======================================================================[0m

[91m[FAIL][0m Import feature engineering module
  [91mcannot import name 'engineer_features' from 'feature_engineering' (C:\Users\Shyam\OneDrive\Documents\New folder\src\feature_engineering.py)[0m

[94m======================================================================[0m
[94m                        TEST 5: MODEL LOADING                         [0m
[94m======================================================================[0m

[92m[PASS][0m Load Classification Model
  Type: XGBClassifier
[92m[PASS][0m Load Regression Model
  Type: XGBRegressor
[92m[PASS][0m Load Label Encoder
  Type: LabelEncoder

[94m======================================================================[0m
[94m                      TEST 6: MODEL PREDICTIONS                       [0m
[94m======================================================================[0m

[91m[FAIL][0m Model predictions
  [91mcannot import name 'preprocess_data' from 'preprocessing' (C:\Users\Shyam\OneDrive\Documents\New folder\src\preprocessing.py)[0m

[94m======================================================================[0m
[94m                      TEST 7: MLFLOW INTEGRATION                      [0m
[94m======================================================================[0m

[92m[PASS][0m MLflow directory exists
[92m[PASS][0m MLflow experiments
  Found 3 experiment(s)
[92m[PASS][0m MLflow runs
  Found 8 run(s)

[94m======================================================================[0m
[94m                    TEST 8: STREAMLIT APPLICATION                     [0m
[94m======================================================================[0m

[92m[PASS][0m Main app has page config
[92m[PASS][0m Page pages/1_Dashboard.py imports Streamlit
[92m[PASS][0m Page pages/2_Prediction.py imports Streamlit
[92m[PASS][0m Page pages/3_Model_Performance.py imports Streamlit
[92m[PASS][0m Import app utils

[94m======================================================================[0m
[94mTEST SUMMARY[0m
[94m======================================================================[0m
Total Tests: 32
[92mPassed: 28[0m
[91mFailed: 3[0m
[93mWarnings: 1[0m

[91m                      *** SOME TESTS FAILED ***                       [0m
[94m======================================================================[0m

